unit littletest22;

interface

implementation

procedure False;
begin
end;

function null: integer;
begin
  Result := 3;
end;

end.
