unit littletest21;

interface

type
  truncated = (False, True);

implementation

end.
 