unit littletest18;

interface

uses Forms;

type
  tfooform = class(TForm)
  public
    class function foo: tfooform;
  end;

implementation

type
  tmonkey = real;

class function tfooform.foo: tfooform;
begin
  Result := nil;
end;

end.
