unit testoleparams;

interface

implementation

uses comobj;

procedure wordup;
var
  msword: variant;
begin
  msword := createoleobject('Word.Basic');
  msword.appshow;
  msword.filenew;
  msword.insert('Foo');
  msword.lineup(2, 1);
  msword.texttotable(convertfrom := 2, numcolumns := 3);
end;

end. 