unit testoutkeyword;

interface

type
  tmyclass = class
    out: integer;
  end;

implementation

end.
 