unit test.dotted.Name;

interface

implementation

end.
 