unit LittleTest62;

interface

implementation

function Foo(const bar: boolean): boolean;
begin
  Result := (not bar);
end;

end.
